[{u'message': u'Status is over 140 characters.', u'code': 186}]
[{u'message': u'Status is over 140 characters.', u'code': 186}]
[{u'message': u'Status is over 140 characters.', u'code': 186}]
[{u'message': u'Status is over 140 characters.', u'code': 186}]
[{u'message': u'Status is over 140 characters.', u'code': 186}]
[{u'message': u'Status is over 140 characters.', u'code': 186}]
[{u'message': u'Status is over 140 characters.', u'code': 186}]
[{u'message': u'Status is over 140 characters.', u'code': 186}]
[{u'message': u'Status is over 140 characters.', u'code': 186}]
[{u'message': u'Status is over 140 characters.', u'code': 186}]
[{u'message': u'Status is over 140 characters.', u'code': 186}]
[{u'message': u'Status is over 140 characters.', u'code': 186}]
